main.c:109:6:HAL_UART_RxCpltCallback	16	static
main.c:144:5:main	8	static
main.c:241:6:SystemClock_Config	96	static
main.c:289:13:MX_USART1_UART_Init	8	static
main.c:324:13:MX_USART2_UART_Init	8	static
main.c:359:13:MX_USART3_UART_Init	8	static
main.c:394:13:MX_GPIO_Init	48	static
main.c:433:6:StartBlink_led	16	static
main.c:454:6:StartTransm2	16	static
main.c:474:6:PLStatus	24	static
main.c:497:6:StartOBCAsku	24	static
main.c:521:6:StartOBCAskV	24	static
main.c:546:6:HAL_TIM_PeriodElapsedCallback	16	static
main.c:563:6:Error_Handler	4	static,ignoring_inline_asm
